// Jest Snapshot v1, https://goo.gl/fbAQLP

exports[`renders correctly 1`] = `
<div
  className="css-8ynpi3"
>
  <div
    className="css-vurnku"
  >
    <div
      className="css-1bol0ik"
    >
      <svg
        fill="currentColor"
        height="1.5em"
        stroke="currentColor"
        strokeWidth="0"
        style={
          Object {
            "color": undefined,
          }
        }
        viewBox="0 0 24 24"
        width="1.5em"
        xmlns="http://www.w3.org/2000/svg"
      >
        <path
          d="M15,15 L22,22 L15,15 Z M9.5,17 C13.6421356,17 17,13.6421356 17,9.5 C17,5.35786438 13.6421356,2 9.5,2 C5.35786438,2 2,5.35786438 2,9.5 C2,13.6421356 5.35786438,17 9.5,17 Z"
          fill="none"
          stroke="#000"
          strokeWidth="2"
        />
      </svg>
    </div>
    <input
      className="css-ynicpm"
      placeholder="Insira aqui o nome da cidade"
    />
  </div>
</div>
`;
